Created a log for  my app repository
